/**
 * Generated from test3.csp
 * Do not edit.
 */
package com.test;


import java.io.IOException;
import java.io.Serializable;
import com.Data2;
import com.test.data.Data1;
import org.civilian.template.TemplateWriter;


class Test3 implements Serializable
{
	public synchronized void print(TemplateWriter out) throws IOException
	{
		if (out == null)
			throw new IllegalArgumentException("out is null");
		this.out = out;
		print();
	}


	protected void print() throws IOException
	{
		out.println("Hello!");                                          // line 15: Hello!
	}


	protected TemplateWriter out;
}
