/**
 * Generated from test6.csp
 * Do not edit.
 */
package test;


import org.civilian.template.Template;


public abstract class Test6 extends Template
{

}
