package org.civilian.template.csp;


import java.util.ArrayList;
import org.civilian.template.Template;


public class Test2 extends Template
{
	public Test2(String name)
	{
		this.name = name;
	}


	@Override protected void print() throws Exception
	{
		out.println("<start>");                                         // line 19: <start>
		for (int i=0; i<10; i++)                                        // line 20: @for (int i=0; i<10; i++)
		{
			if (i % 2 == 0)                                             // line 21: ^?{i % 2 == 0}
			{
				out.print("conditional");                               // line 21: conditional
			}
			out.printlnIfNotEmpty();
			out.print(name);                                            // line 22: ^name
			out.print(": ");                                            // line 22: :
			out.print(i);                                               // line 22: ^i
			out.printlnIfNotEmpty();
			list_.add(name);                                            // line 23: @list_.add(name);
		}
		out.println("</start>");                                        // line 24: </start>
	}


	private String name;
	private ArrayList<String> list_ = new ArrayList<>();
}
