/**
 * Generated from test_empty_line.csp
 * Do not edit.
 */
package test;


public class Test_empty_line extends SuperTemplate
{
	public Test_empty_line(String name)
	{
		super(name);
		this.name = name;
	}


	@Override protected void print() throws Exception
	{
		out.println();
		if (true)                                                       // line 6: @if (true)
		{
			out.println();
			out.println("Hello");                                       // line 8: Hello
		}
	}


	protected String name;
}
